// Jest Snapshot v1, https://goo.gl/fbAQLP

exports[`renders home 1`] = `<Connect(Home) />`;
